<!DOCTYPE HTML PUBLIC "-//W3C//DTD HTML 4.01 Transitional//EN" "http://www.w3.org/TR/html4/loose.dtd">
<html>

<head>
<meta http-equiv="Content-Type" content="text/html; charset=UTF-8">
<title>__snapshots__</title>
<style type="text/css">
HTML {font-size: small; font-family: sans-serif}
BODY {background: #F8F8FA}
A {text-decoration: none}
A:hover {color: #FFF; background: #006699; border-radius: 8px; padding-left: 3px; padding-right: 3px;}
TABLE.fancy {background: #DFDFDF; border-left: 1px solid;
   border-top: 1px solid; border-bottom: 0px solid; border-color: #FFF}
TABLE.fancy TD {border-right: 1px solid; border-bottom: 1px solid;
  border-color: #FFF; text-align: center; padding-right: 5px}
TABLE.fancy TD.no-right {border-right: 0px}
TABLE.fancy TD.right {text-align: right}
TABLE.fancy TD.left {text-align: left}
TABLE.fancy TD.center {text-align: center}
TABLE.fancy TH {border-right: 1px solid; border-bottom: 1px solid; text-align: center;
   background: #488CB1; color: #FFF; border-color: #FFF; font-weight: bold}
.anchor {font-weight: bold; border-top: 0px solid; text-align: center;
   border-bottom: 1px solid; background: #006699; color: #FFF}
.dark-blue {font-weight: bold; border-top: 0px solid; text-align: center;
   border-bottom: 1px solid; background:#00537D; color: #FFF}
.no-top-border {border-top: 0px}
.centered {margin: auto}
.rZ {text-align: right}
.row2 {background: #D3D3E1}
</style>
</head>

<body>

<table border="0" cellspacing="0" cellpadding="3" summary="file table" class="fancy centered">
<tr><td colspan="16" class="dark-blue" style="text-align: center"><b>Folders</b></td></tr>
<tr><td class="left"><a href="../right.html" target="rframe">&lt;parent&gt;</a></td></tr>
</table>
<br>

<table border="0" cellspacing="0" cellpadding="3" summary="file table" class="fancy centered">
<tr><th><b>File</b></th><th><b>File</b></th><th><b>File</b></th><th><b>File</b></th><th><b>File</b></th><th><b>File</b></th><th><b>File</b></th><th><b>File</b></th></tr>
<tr><td class="left"><a href="LogBoxButton-test.js.snap">LogBoxButton-test.js.snap</a>&nbsp;</td><td class="left"><a href="LogBoxInspectorCodeFrame-test.js.snap">LogBoxInspectorCodeFrame-test.js.snap</a>&nbsp;</td><td class="left"><a href="LogBoxInspectorHeader-test.js.snap">LogBoxInspectorHeader-test.js.snap</a>&nbsp;</td><td class="left"><a href="LogBoxInspectorReactFrames-test.js.snap">LogBoxInspectorReactFrames-test.js.snap</a>&nbsp;</td><td class="left"><a href="LogBoxInspectorSourceMapStatus-test.js.snap">LogBoxInspectorSourceMapStatus-test.js.snap</a>&nbsp;</td><td class="left"><a href="LogBoxInspectorStackFrames-test.js.snap">LogBoxInspectorStackFrames-test.js.snap</a>&nbsp;</td><td class="left"><a href="LogBoxNotification-test.js.snap">LogBoxNotification-test.js.snap</a>&nbsp;</td><td class="left"><a href="right.html">right.html</a>&nbsp;</td></tr>
<tr class="row2"><td class="left"><a href="LogBoxInspector-test.js.snap">LogBoxInspector-test.js.snap</a>&nbsp;</td><td class="left"><a href="LogBoxInspectorFooter-test.js.snap">LogBoxInspectorFooter-test.js.snap</a>&nbsp;</td><td class="left"><a href="LogBoxInspectorMesageHeader-test.js.snap">LogBoxInspectorMesageHeader-test.js.snap</a>&nbsp;</td><td class="left"><a href="LogBoxInspectorSection-test.js.snap">LogBoxInspectorSection-test.js.snap</a>&nbsp;</td><td class="left"><a href="LogBoxInspectorStackFrame-test.js.snap">LogBoxInspectorStackFrame-test.js.snap</a>&nbsp;</td><td class="left"><a href="LogBoxMessage-test.js.snap">LogBoxMessage-test.js.snap</a>&nbsp;</td><td class="left"></td><td class="left"></td></tr>
</table>

<p style="font-weight: bold; margin-bottom: 0px">
Folders:  1<br>
Files: 14<br>
Size of all files: 57091 K</p>

</body>
</html>